../Core/Src/main.c:75:6:EXTI1_IRQHandler	4	static
../Core/Src/main.c:108:6:EXTI2_IRQHandler	4	static
../Core/Src/main.c:138:6:TIM4_IRQHandler	4	static
../Core/Src/main.c:184:5:main	8	static
../Core/Src/main.c:315:6:SystemClock_Config	96	static
../Core/Src/main.c:369:13:MX_ADC_Init	24	static
../Core/Src/main.c:424:13:MX_LCD_Init	8	static
../Core/Src/main.c:461:13:MX_TIM4_Init	32	static
../Core/Src/main.c:506:13:MX_TS_Init	4	static
../Core/Src/main.c:527:13:MX_GPIO_Init	40	static
../Core/Src/main.c:566:6:Error_Handler	4	static,ignoring_inline_asm
