../Core/Src/main.c:69:6:espera	24	static
../Core/Src/main.c:74:6:stop	4	static
../Core/Src/main.c:82:6:forward	4	static
../Core/Src/main.c:91:6:backwards	4	static
../Core/Src/main.c:107:5:main	8	static
../Core/Src/main.c:272:6:SystemClock_Config	80	static
../Core/Src/main.c:316:13:MX_ADC_Init	24	static
../Core/Src/main.c:371:13:MX_TIM3_Init	32	static
../Core/Src/main.c:416:13:MX_TIM4_Init	32	static
../Core/Src/main.c:461:13:MX_TS_Init	4	static
../Core/Src/main.c:482:13:MX_GPIO_Init	40	static
../Core/Src/main.c:553:6:Error_Handler	4	static,ignoring_inline_asm
