../Core/Src/main.c:73:6:stop	4	static
../Core/Src/main.c:82:6:forward	4	static
../Core/Src/main.c:90:6:backwards	4	static
../Core/Src/main.c:102:6:left	4	static
../Core/Src/main.c:113:6:right	4	static
../Core/Src/main.c:126:6:EXTI0_IRQHandler	4	static
../Core/Src/main.c:218:6:EXTI1_IRQHandler	8	static
../Core/Src/main.c:252:6:EXTI2_IRQHandler	8	static
../Core/Src/main.c:289:6:TIM4_IRQHandler	8	static
../Core/Src/main.c:344:5:main	8	static
../Core/Src/main.c:504:6:SystemClock_Config	80	static
../Core/Src/main.c:548:13:MX_ADC_Init	24	static
../Core/Src/main.c:603:13:MX_TIM3_Init	32	static
../Core/Src/main.c:648:13:MX_TIM4_Init	32	static
../Core/Src/main.c:693:13:MX_TS_Init	4	static
../Core/Src/main.c:714:13:MX_GPIO_Init	40	static
../Core/Src/main.c:785:6:Error_Handler	4	static,ignoring_inline_asm
