Archive member included to satisfy reference by file (symbol)

C:/ST/STM32CubeIDE_1.14.1/STM32CubeIDE/plugins/com.st.stm32cube.ide.mcu.externaltools.gnu-tools-for-stm32.11.3.rel1.win32_1.1.100.202309141235/tools/bin/../lib/gcc/arm-none-eabi/11.3.1/../../../../arm-none-eabi/lib/thumb/v7-m/nofp\libc_nano.a(libc_a-exit.o)
                              C:/ST/STM32CubeIDE_1.14.1/STM32CubeIDE/plugins/com.st.stm32cube.ide.mcu.externaltools.gnu-tools-for-stm32.11.3.rel1.win32_1.1.100.202309141235/tools/bin/../lib/gcc/arm-none-eabi/11.3.1/../../../../arm-none-eabi/lib/thumb/v7-m/nofp/crt0.o (exit)
C:/ST/STM32CubeIDE_1.14.1/STM32CubeIDE/plugins/com.st.stm32cube.ide.mcu.externaltools.gnu-tools-for-stm32.11.3.rel1.win32_1.1.100.202309141235/tools/bin/../lib/gcc/arm-none-eabi/11.3.1/../../../../arm-none-eabi/lib/thumb/v7-m/nofp\libc_nano.a(libc_a-findfp.o)
                              C:/ST/STM32CubeIDE_1.14.1/STM32CubeIDE/plugins/com.st.stm32cube.ide.mcu.externaltools.gnu-tools-for-stm32.11.3.rel1.win32_1.1.100.202309141235/tools/bin/../lib/gcc/arm-none-eabi/11.3.1/../../../../arm-none-eabi/lib/thumb/v7-m/nofp\libc_nano.a(libc_a-exit.o) (__stdio_exit_handler)
C:/ST/STM32CubeIDE_1.14.1/STM32CubeIDE/plugins/com.st.stm32cube.ide.mcu.externaltools.gnu-tools-for-stm32.11.3.rel1.win32_1.1.100.202309141235/tools/bin/../lib/gcc/arm-none-eabi/11.3.1/../../../../arm-none-eabi/lib/thumb/v7-m/nofp\libc_nano.a(libc_a-fwalk.o)
                              C:/ST/STM32CubeIDE_1.14.1/STM32CubeIDE/plugins/com.st.stm32cube.ide.mcu.externaltools.gnu-tools-for-stm32.11.3.rel1.win32_1.1.100.202309141235/tools/bin/../lib/gcc/arm-none-eabi/11.3.1/../../../../arm-none-eabi/lib/thumb/v7-m/nofp\libc_nano.a(libc_a-findfp.o) (_fwalk_sglue)
C:/ST/STM32CubeIDE_1.14.1/STM32CubeIDE/plugins/com.st.stm32cube.ide.mcu.externaltools.gnu-tools-for-stm32.11.3.rel1.win32_1.1.100.202309141235/tools/bin/../lib/gcc/arm-none-eabi/11.3.1/../../../../arm-none-eabi/lib/thumb/v7-m/nofp\libc_nano.a(libc_a-stdio.o)
                              C:/ST/STM32CubeIDE_1.14.1/STM32CubeIDE/plugins/com.st.stm32cube.ide.mcu.externaltools.gnu-tools-for-stm32.11.3.rel1.win32_1.1.100.202309141235/tools/bin/../lib/gcc/arm-none-eabi/11.3.1/../../../../arm-none-eabi/lib/thumb/v7-m/nofp\libc_nano.a(libc_a-findfp.o) (__sread)
C:/ST/STM32CubeIDE_1.14.1/STM32CubeIDE/plugins/com.st.stm32cube.ide.mcu.externaltools.gnu-tools-for-stm32.11.3.rel1.win32_1.1.100.202309141235/tools/bin/../lib/gcc/arm-none-eabi/11.3.1/../../../../arm-none-eabi/lib/thumb/v7-m/nofp\libc_nano.a(libc_a-memset.o)
                              C:/ST/STM32CubeIDE_1.14.1/STM32CubeIDE/plugins/com.st.stm32cube.ide.mcu.externaltools.gnu-tools-for-stm32.11.3.rel1.win32_1.1.100.202309141235/tools/bin/../lib/gcc/arm-none-eabi/11.3.1/../../../../arm-none-eabi/lib/thumb/v7-m/nofp/crt0.o (memset)
C:/ST/STM32CubeIDE_1.14.1/STM32CubeIDE/plugins/com.st.stm32cube.ide.mcu.externaltools.gnu-tools-for-stm32.11.3.rel1.win32_1.1.100.202309141235/tools/bin/../lib/gcc/arm-none-eabi/11.3.1/../../../../arm-none-eabi/lib/thumb/v7-m/nofp\libc_nano.a(libc_a-closer.o)
                              C:/ST/STM32CubeIDE_1.14.1/STM32CubeIDE/plugins/com.st.stm32cube.ide.mcu.externaltools.gnu-tools-for-stm32.11.3.rel1.win32_1.1.100.202309141235/tools/bin/../lib/gcc/arm-none-eabi/11.3.1/../../../../arm-none-eabi/lib/thumb/v7-m/nofp\libc_nano.a(libc_a-stdio.o) (_close_r)
C:/ST/STM32CubeIDE_1.14.1/STM32CubeIDE/plugins/com.st.stm32cube.ide.mcu.externaltools.gnu-tools-for-stm32.11.3.rel1.win32_1.1.100.202309141235/tools/bin/../lib/gcc/arm-none-eabi/11.3.1/../../../../arm-none-eabi/lib/thumb/v7-m/nofp\libc_nano.a(libc_a-reent.o)
                              C:/ST/STM32CubeIDE_1.14.1/STM32CubeIDE/plugins/com.st.stm32cube.ide.mcu.externaltools.gnu-tools-for-stm32.11.3.rel1.win32_1.1.100.202309141235/tools/bin/../lib/gcc/arm-none-eabi/11.3.1/../../../../arm-none-eabi/lib/thumb/v7-m/nofp\libc_nano.a(libc_a-closer.o) (errno)
C:/ST/STM32CubeIDE_1.14.1/STM32CubeIDE/plugins/com.st.stm32cube.ide.mcu.externaltools.gnu-tools-for-stm32.11.3.rel1.win32_1.1.100.202309141235/tools/bin/../lib/gcc/arm-none-eabi/11.3.1/../../../../arm-none-eabi/lib/thumb/v7-m/nofp\libc_nano.a(libc_a-impure.o)
                              C:/ST/STM32CubeIDE_1.14.1/STM32CubeIDE/plugins/com.st.stm32cube.ide.mcu.externaltools.gnu-tools-for-stm32.11.3.rel1.win32_1.1.100.202309141235/tools/bin/../lib/gcc/arm-none-eabi/11.3.1/../../../../arm-none-eabi/lib/thumb/v7-m/nofp\libc_nano.a(libc_a-reent.o) (_impure_ptr)
C:/ST/STM32CubeIDE_1.14.1/STM32CubeIDE/plugins/com.st.stm32cube.ide.mcu.externaltools.gnu-tools-for-stm32.11.3.rel1.win32_1.1.100.202309141235/tools/bin/../lib/gcc/arm-none-eabi/11.3.1/../../../../arm-none-eabi/lib/thumb/v7-m/nofp\libc_nano.a(libc_a-lseekr.o)
[...]
Memory Configuration

Name             Origin             Length             Attributes
RAM              0x0000000020000000 0x0000000000008000 xrw
FLASH            0x0000000008000000 0x0000000000040000 xr
*default*        0x0000000000000000 0xffffffffffffffff

Linker script and memory map

LOAD C:/ST/STM32CubeIDE_1.14.1/STM32CubeIDE/plugins/com.st.stm32cube.ide.mcu.externaltools.gnu-tools-for-stm32.11.3.rel1.win32_1.1.100.202309141235/tools/bin/../lib/gcc/arm-none-eabi/11.3.1/thumb/v7-m/nofp/crti.o
LOAD C:/ST/STM32CubeIDE_1.14.1/STM32CubeIDE/plugins/com.st.stm32cube.ide.mcu.externaltools.gnu-tools-for-stm32.11.3.rel1.win32_1.1.100.202309141235/tools/bin/../lib/gcc/arm-none-eabi/11.3.1/thumb/v7-m/nofp/crtbegin.o
LOAD C:/ST/STM32CubeIDE_1.14.1/STM32CubeIDE/plugins/com.st.stm32cube.ide.mcu.externaltools.gnu-tools-for-stm32.11.3.rel1.win32_1.1.100.202309141235/tools/bin/../lib/gcc/arm-none-eabi/11.3.1/../../../../arm-none-eabi/lib/thumb/v7-m/nofp/crt0.o
LOAD ./Core/Src/main.o
LOAD ./Core/Src/stm32l1xx_hal_msp.o
LOAD ./Core/Src/stm32l1xx_it.o
LOAD ./Core/Src/syscalls.o
LOAD ./Core/Src/sysmem.o
LOAD ./Core/Src/system_stm32l1xx.o
LOAD ./Core/Startup/startup_stm32l152rctx.o
LOAD ./Drivers/STM32L1xx_HAL_Driver/Src/stm32l1xx_hal.o
LOAD ./Drivers/STM32L1xx_HAL_Driver/Src/stm32l1xx_hal_adc.o
LOAD ./Drivers/STM32L1xx_HAL_Driver/Src/stm32l1xx_hal_adc_ex.o
LOAD ./Drivers/STM32L1xx_HAL_Driver/Src/stm32l1xx_hal_cortex.o
LOAD ./Drivers/STM32L1xx_HAL_Driver/Src/stm32l1xx_hal_dma.o
LOAD ./Drivers/STM32L1xx_HAL_Driver/Src/stm32l1xx_hal_exti.o
LOAD ./Drivers/STM32L1xx_HAL_Driver/Src/stm32l1xx_hal_flash.o
LOAD ./Drivers/STM32L1xx_HAL_Driver/Src/stm32l1xx_hal_flash_ex.o
LOAD ./Drivers/STM32L1xx_HAL_Driver/Src/stm32l1xx_hal_flash_ramfunc.o
LOAD ./Drivers/STM32L1xx_HAL_Driver/Src/stm32l1xx_hal_gpio.o
LOAD ./Drivers/STM32L1xx_HAL_Driver/Src/stm32l1xx_hal_pwr.o
LOAD ./Drivers/STM32L1xx_HAL_Driver/Src/stm32l1xx_hal_pwr_ex.o
LOAD ./Drivers/STM32L1xx_HAL_Driver/Src/stm32l1xx_hal_rcc.o
LOAD ./Drivers/STM32L1xx_HAL_Driver/Src/stm32l1xx_hal_rcc_ex.o
LOAD ./Drivers/STM32L1xx_HAL_Driver/Src/stm32l1xx_hal_tim.o
LOAD ./Drivers/STM32L1xx_HAL_Driver/Src/stm32l1xx_hal_tim_ex.o
START GROUP
LOAD C:/ST/STM32CubeIDE_1.14.1/STM32CubeIDE/plugins/com.st.stm32cube.ide.mcu.externaltools.gnu-tools-for-stm32.11.3.rel1.win32_1.1.100.202309141235/tools/bin/../lib/gcc/arm-none-eabi/11.3.1/../../../../arm-none-eabi/lib/thumb/v7-m/nofp\libc_nano.a
LOAD C:/ST/STM32CubeIDE_1.14.1/STM32CubeIDE/plugins/com.st.stm32cube.ide.mcu.externaltools.gnu-tools-for-stm32.11.3.rel1.win32_1.1.100.202309141235/tools/bin/../lib/gcc/arm-none-eabi/11.3.1/../../../../arm-none-eabi/lib/thumb/v7-m/nofp\libm.a
END GROUP
START GROUP
LOAD C:/ST/STM32CubeIDE_1.14.1/STM32CubeIDE/plugins/com.st.stm32cube.ide.mcu.externaltools.gnu-tools-for-stm32.11.3.rel1.win32_1.1.100.202309141235/tools/bin/../lib/gcc/arm-none-eabi/11.3.1/thumb/v7-m/nofp\libgcc.a
LOAD C:/ST/STM32CubeIDE_1.14.1/STM32CubeIDE/plugins/com.st.stm32cube.ide.mcu.externaltools.gnu-tools-for-stm32.11.3.rel1.win32_1.1.100.202309141235/tools/bin/../lib/gcc/arm-none-eabi/11.3.1/../../../../arm-none-eabi/lib/thumb/v7-m/nofp\libc_nano.a
END GROUP
START GROUP
LOAD C:/ST/STM32CubeIDE_1.14.1/STM32CubeIDE/plugins/com.st.stm32cube.ide.mcu.externaltools.gnu-tools-for-stm32.11.3.rel1.win32_1.1.100.202309141235/tools/bin/../lib/gcc/arm-none-eabi/11.3.1/thumb/v7-m/nofp\libgcc.a
LOAD C:/ST/STM32CubeIDE_1.14.1/STM32CubeIDE/plugins/com.st.stm32cube.ide.mcu.externaltools.gnu-tools-for-stm32.11.3.rel1.win32_1.1.100.202309141235/tools/bin/../lib/gcc/arm-none-eabi/11.3.1/../../../../arm-none-eabi/lib/thumb/v7-m/nofp\libc_nano.a
LOAD C:/ST/STM32CubeIDE_1.14.1/STM32CubeIDE/plugins/com.st.stm32cube.ide.mcu.externaltools.gnu-tools-for-stm32.11.3.rel1.win32_1.1.100.202309141235/tools/bin/../lib/gcc/arm-none-eabi/11.3.1/../../../../arm-none-eabi/lib/thumb/v7-m/nofp\libnosys.a
END GROUP
START GROUP
LOAD C:/ST/STM32CubeIDE_1.14.1/STM32CubeIDE/plugins/com.st.stm32cube.ide.mcu.externaltools.gnu-tools-for-stm32.11.3.rel1.win32_1.1.100.202309141235/tools/bin/../lib/gcc/arm-none-eabi/11.3.1/thumb/v7-m/nofp\libgcc.a
LOAD C:/ST/STM32CubeIDE_1.14.1/STM32CubeIDE/plugins/com.st.stm32cube.ide.mcu.externaltools.gnu-tools-for-stm32.11.3.rel1.win32_1.1.100.202309141235/tools/bin/../lib/gcc/arm-none-eabi/11.3.1/../../../../arm-none-eabi/lib/thumb/v7-m/nofp\libc_nano.a
LOAD C:/ST/STM32CubeIDE_1.14.1/STM32CubeIDE/plugins/com.st.stm32cube.ide.mcu.externaltools.gnu-tools-for-stm32.11.3.rel1.win32_1.1.100.202309141235/tools/bin/../lib/gcc/arm-none-eabi/11.3.1/../../../../arm-none-eabi/lib/thumb/v7-m/nofp\libnosys.a
END GROUP
LOAD C:/ST/STM32CubeIDE_1.14.1/STM32CubeIDE/plugins/com.st.stm32cube.ide.mcu.externaltools.gnu-tools-for-stm32.11.3.rel1.win32_1.1.100.202309141235/tools/bin/../lib/gcc/arm-none-eabi/11.3.1/thumb/v7-m/nofp/crtend.o
LOAD C:/ST/STM32CubeIDE_1.14.1/STM32CubeIDE/plugins/com.st.stm32cube.ide.mcu.externaltools.gnu-tools-for-stm32.11.3.rel1.win32_1.1.100.202309141235/tools/bin/../lib/gcc/arm-none-eabi/11.3.1/thumb/v7-m/nofp/crtn.o
                0x0000000020008000                _estack = (ORIGIN (RAM) + LENGTH (RAM))
                0x0000000000000200                _Min_Heap_Size = 0x200
                0x0000000000000400                _Min_Stack_Size = 0x400

.isr_vector     0x0000000008000000      0x13c
                0x0000000008000000                . = ALIGN (0x4)
 *(.isr_vector)
 .isr_vector    0x0000000008000000      0x13c ./Core/Startup/startup_stm32l152rctx.o
                0x0000000008000000                g_pfnVectors
                0x000000000800013c                . = ALIGN (0x4)

.text           0x000000000800013c     0x2aa4
                0x000000000800013c                . = ALIGN (0x4)
 *(.text)
 .text          0x000000000800013c       0x40 C:/ST/STM32CubeIDE_1.14.1/STM32CubeIDE/plugins/com.st.stm32cube.ide.mcu.externaltools.gnu-tools-for-stm32.11.3.rel1.win32_1.1.100.202309141235/tools/bin/../lib/gcc/arm-none-eabi/11.3.1/thumb/v7-m/nofp/crtbegin.o
 .text          0x000000000800017c       0x30 C:/ST/STM32CubeIDE_1.14.1/STM32CubeIDE/plugins/com.st.stm32cube.ide.mcu.externaltools.gnu-tools-for-stm32.11.3.rel1.win32_1.1.100.202309141235/tools/bin/../lib/gcc/arm-none-eabi/11.3.1/thumb/v7-m/nofp\libgcc.a(_aeabi_uldivmod.o)
                0x000000000800017c                __aeabi_uldivmod
 .text          0x00000000080001ac      0x2cc C:/ST/STM32CubeIDE_1.14.1/STM32CubeIDE/plugins/com.st.stm32cube.ide.mcu.externaltools.gnu-tools-for-stm32.11.3.rel1.win32_1.1.100.202309141235/tools/bin/../lib/gcc/arm-none-eabi/11.3.1/thumb/v7-m/nofp\libgcc.a(_udivmoddi4.o)
                0x00000000080001ac                __udivmoddi4
 .text          0x0000000008000478        0x4 C:/ST/STM32CubeIDE_1.14.1/STM32CubeIDE/plugins/com.st.stm32cube.ide.mcu.externaltools.gnu-tools-for-stm32.11.3.rel1.win32_1.1.100.202309141235/tools/bin/../lib/gcc/arm-none-eabi/11.3.1/thumb/v7-m/nofp\libgcc.a(_dvmd_tls.o)
                0x0000000008000478                __aeabi_idiv0
                0x0000000008000478                __aeabi_ldiv0
 *(.text*)
 .text.stop     0x000000000800047c       0x30 ./Core/Src/main.o
                0x000000000800047c                stop
 .text.backwards
                0x00000000080004ac       0x30 ./Core/Src/main.o
                0x00000000080004ac                backwards
 .text.left     0x00000000080004dc       0x38 ./Core/Src/main.o
                0x00000000080004dc                left
 .text.right    0x0000000008000514       0x38 ./Core/Src/main.o
                0x0000000008000514                right
 .text.EXTI0_IRQHandler
                0x000000000800054c       0x44 ./Core/Src/main.o
                0x000000000800054c                EXTI0_IRQHandler
 .text.EXTI1_IRQHandler
                0x0000000008000590       0xb8 ./Core/Src/main.o
                0x0000000008000590                EXTI1_IRQHandler
 .text.EXTI2_IRQHandler
                0x0000000008000648       0xb8 ./Core/Src/main.o
                0x0000000008000648                EXTI2_IRQHandler
 .text.TIM4_IRQHandler
                0x0000000008000700       0xa0 ./Core/Src/main.o
                0x0000000008000700                TIM4_IRQHandler
 .text.main     0x00000000080007a0      0x280 ./Core/Src/main.o
                0x00000000080007a0                main
 .text.SystemClock_Config
                0x0000000008000a20       0x9c ./Core/Src/main.o
                0x0000000008000a20                SystemClock_Config
 .text.MX_ADC_Init
                0x0000000008000abc       0xb4 ./Core/Src/main.o
 .text.MX_TIM3_Init
                0x0000000008000b70       0x9c ./Core/Src/main.o
 .text.MX_TIM4_Init
                0x0000000008000c0c       0x9c ./Core/Src/main.o
 .text.MX_TS_Init
                0x0000000008000ca8        0xc ./Core/Src/main.o
 .text.MX_GPIO_Init
                0x0000000008000cb4      0x11c ./Core/Src/main.o
 .text.Error_Handler
                0x0000000008000dd0        0xa ./Core/Src/main.o
                0x0000000008000dd0                Error_Handler
 *fill*         0x0000000008000dda        0x2 
 .text.HAL_MspInit
                0x0000000008000ddc       0x60 ./Core/Src/stm32l1xx_hal_msp.o
                0x0000000008000ddc                HAL_MspInit
 .text.HAL_ADC_MspInit
                0x0000000008000e3c       0x80 ./Core/Src/stm32l1xx_hal_msp.o
                0x0000000008000e3c                HAL_ADC_MspInit
 .text.HAL_TIM_Base_MspInit
                0x0000000008000ebc       0xb0 ./Core/Src/stm32l1xx_hal_msp.o
                0x0000000008000ebc                HAL_TIM_Base_MspInit
 .text.NMI_Handler
                0x0000000008000f6c        0x6 ./Core/Src/stm32l1xx_it.o
                0x0000000008000f6c                NMI_Handler
 .text.HardFault_Handler
                0x0000000008000f72        0x6 ./Core/Src/stm32l1xx_it.o
                0x0000000008000f72                HardFault_Handler
 .text.MemManage_Handler
                0x0000000008000f78        0x6 ./Core/Src/stm32l1xx_it.o
                0x0000000008000f78                MemManage_Handler
 .text.BusFault_Handler
                0x0000000008000f7e        0x6 ./Core/Src/stm32l1xx_it.o
                0x0000000008000f7e                BusFault_Handler
 .text.UsageFault_Handler
                0x0000000008000f84        0x6 ./Core/Src/stm32l1xx_it.o
                0x0000000008000f84                UsageFault_Handler
 .text.SVC_Handler
                0x0000000008000f8a        0xc ./Core/Src/stm32l1xx_it.o
                0x0000000008000f8a                SVC_Handler
 .text.DebugMon_Handler
                0x0000000008000f96        0xc ./Core/Src/stm32l1xx_it.o
                0x0000000008000f96                DebugMon_Handler
 .text.PendSV_Handler
                0x0000000008000fa2        0xc ./Core/Src/stm32l1xx_it.o
                0x0000000008000fa2                PendSV_Handler
 .text.SysTick_Handler
                0x0000000008000fae        0xc ./Core/Src/stm32l1xx_it.o
                0x0000000008000fae                SysTick_Handler
 .text.SystemInit
                0x0000000008000fba        0xc ./Core/Src/system_stm32l1xx.o
                0x0000000008000fba                SystemInit
 *fill*         0x0000000008000fc6        0x2 
 .text.Reset_Handler
                0x0000000008000fc8       0x48 ./Core/Startup/startup_stm32l152rctx.o
                0x0000000008000fc8                Reset_Handler
 .text.Default_Handler
                0x0000000008001010        0x2 ./Core/Startup/startup_stm32l152rctx.o
                0x0000000008001010                RTC_Alarm_IRQHandler
                0x0000000008001010                COMP_ACQ_IRQHandler
                0x0000000008001010                TIM10_IRQHandler
                0x0000000008001010                USB_HP_IRQHandler
                0x0000000008001010                TIM6_IRQHandler
                0x0000000008001010                PVD_IRQHandler
                0x0000000008001010                EXTI3_IRQHandler
                0x0000000008001010                I2C2_EV_IRQHandler
                0x0000000008001010                SPI1_IRQHandler
                0x0000000008001010                USB_FS_WKUP_IRQHandler
                0x0000000008001010                DMA2_Channel2_IRQHandler
                0x0000000008001010                DMA1_Channel4_IRQHandler
                0x0000000008001010                ADC1_IRQHandler
                0x0000000008001010                USART3_IRQHandler
                0x0000000008001010                DMA1_Channel7_IRQHandler
                0x0000000008001010                LCD_IRQHandler
                0x0000000008001010                DMA2_Channel1_IRQHandler
                0x0000000008001010                I2C1_EV_IRQHandler
                0x0000000008001010                DMA1_Channel6_IRQHandler
                0x0000000008001010                DMA2_Channel4_IRQHandler
                0x0000000008001010                TIM3_IRQHandler
                0x0000000008001010                RCC_IRQHandler
                0x0000000008001010                DMA1_Channel1_IRQHandler
                0x0000000008001010                Default_Handler
                0x0000000008001010                EXTI15_10_IRQHandler
                0x0000000008001010                TIM7_IRQHandler
                0x0000000008001010                TIM5_IRQHandler
                0x0000000008001010                EXTI9_5_IRQHandler
                0x0000000008001010                TIM9_IRQHandler
                0x0000000008001010                TAMPER_STAMP_IRQHandler
                0x0000000008001010                RTC_WKUP_IRQHandler
                0x0000000008001010                SPI2_IRQHandler
                0x0000000008001010                DMA2_Channel5_IRQHandler
                0x0000000008001010                DMA1_Channel5_IRQHandler
                0x0000000008001010                USB_LP_IRQHandler
                0x0000000008001010                EXTI4_IRQHandler
                0x0000000008001010                DMA1_Channel3_IRQHandler
                0x0000000008001010                COMP_IRQHandler
                0x0000000008001010                WWDG_IRQHandler
                0x0000000008001010                TIM2_IRQHandler
                0x0000000008001010                DAC_IRQHandler
                0x0000000008001010                TIM11_IRQHandler
                0x0000000008001010                USART2_IRQHandler
                0x0000000008001010                I2C2_ER_IRQHandler
                0x0000000008001010                DMA1_Channel2_IRQHandler
                0x0000000008001010                FLASH_IRQHandler
                0x0000000008001010                USART1_IRQHandler
                0x0000000008001010                SPI3_IRQHandler
                0x0000000008001010                I2C1_ER_IRQHandler
                0x0000000008001010                DMA2_Channel3_IRQHandler
 .text.HAL_Init
                0x0000000008001012       0x30 ./Drivers/STM32L1xx_HAL_Driver/Src/stm32l1xx_hal.o
                0x0000000008001012                HAL_Init
 *fill*         0x0000000008001042        0x2 
 .text.HAL_InitTick
                0x0000000008001044       0x74 ./Drivers/STM32L1xx_HAL_Driver/Src/stm32l1xx_hal.o
                0x0000000008001044                HAL_InitTick
 .text.HAL_IncTick
                0x00000000080010b8       0x24 ./Drivers/STM32L1xx_HAL_Driver/Src/stm32l1xx_hal.o
                0x00000000080010b8                HAL_IncTick
 .text.HAL_GetTick
                0x00000000080010dc       0x14 ./Drivers/STM32L1xx_HAL_Driver/Src/stm32l1xx_hal.o
                0x00000000080010dc                HAL_GetTick
 .text.HAL_ADC_Init
                0x00000000080010f0      0x28c ./Drivers/STM32L1xx_HAL_Driver/Src/stm32l1xx_hal_adc.o
                0x00000000080010f0                HAL_ADC_Init
 .text.HAL_ADC_ConfigChannel
                0x000000000800137c      0x2a0 ./Drivers/STM32L1xx_HAL_Driver/Src/stm32l1xx_hal_adc.o
                0x000000000800137c                HAL_ADC_ConfigChannel
 .text.__NVIC_SetPriorityGrouping
                0x000000000800161c       0x48 ./Drivers/STM32L1xx_HAL_Driver/Src/stm32l1xx_hal_cortex.o
 .text.__NVIC_GetPriorityGrouping
                0x0000000008001664       0x1c ./Drivers/STM32L1xx_HAL_Driver/Src/stm32l1xx_hal_cortex.o
 .text.__NVIC_SetPriority
                0x0000000008001680       0x54 ./Drivers/STM32L1xx_HAL_Driver/Src/stm32l1xx_hal_cortex.o
 .text.NVIC_EncodePriority
                0x00000000080016d4       0x64 ./Drivers/STM32L1xx_HAL_Driver/Src/stm32l1xx_hal_cortex.o
 .text.SysTick_Config
                0x0000000008001738       0x44 ./Drivers/STM32L1xx_HAL_Driver/Src/stm32l1xx_hal_cortex.o
 .text.HAL_NVIC_SetPriorityGrouping
                0x000000000800177c       0x16 ./Drivers/STM32L1xx_HAL_Driver/Src/stm32l1xx_hal_cortex.o
                0x000000000800177c                HAL_NVIC_SetPriorityGrouping
 .text.HAL_NVIC_SetPriority
                0x0000000008001792       0x38 ./Drivers/STM32L1xx_HAL_Driver/Src/stm32l1xx_hal_cortex.o
                0x0000000008001792                HAL_NVIC_SetPriority
 .text.HAL_SYSTICK_Config
                0x00000000080017ca       0x18 ./Drivers/STM32L1xx_HAL_Driver/Src/stm32l1xx_hal_cortex.o
                0x00000000080017ca                HAL_SYSTICK_Config
 *fill*         0x00000000080017e2        0x2 
 .text.HAL_GPIO_Init
                0x00000000080017e4      0x300 ./Drivers/STM32L1xx_HAL_Driver/Src/stm32l1xx_hal_gpio.o
                0x00000000080017e4                HAL_GPIO_Init
 .text.HAL_GPIO_WritePin
                0x0000000008001ae4       0x30 ./Drivers/STM32L1xx_HAL_Driver/Src/stm32l1xx_hal_gpio.o
                0x0000000008001ae4                HAL_GPIO_WritePin
 .text.HAL_RCC_OscConfig
                0x0000000008001b14      0x660 ./Drivers/STM32L1xx_HAL_Driver/Src/stm32l1xx_hal_rcc.o
                0x0000000008001b14                HAL_RCC_OscConfig
 .text.HAL_RCC_ClockConfig
                0x0000000008002174      0x268 ./Drivers/STM32L1xx_HAL_Driver/Src/stm32l1xx_hal_rcc.o
                0x0000000008002174                HAL_RCC_ClockConfig
 .text.HAL_RCC_GetSysClockFreq
                0x00000000080023dc      0x200 ./Drivers/STM32L1xx_HAL_Driver/Src/stm32l1xx_hal_rcc.o
                0x00000000080023dc                HAL_RCC_GetSysClockFreq
 .text.RCC_SetFlashLatencyFromMSIRange
                0x00000000080025dc       0xc0 ./Drivers/STM32L1xx_HAL_Driver/Src/stm32l1xx_hal_rcc.o
 .text.HAL_TIM_Base_Init
                0x000000000800269c       0x7e ./Drivers/STM32L1xx_HAL_Driver/Src/stm32l1xx_hal_tim.o
                0x000000000800269c                HAL_TIM_Base_Init
 .text.HAL_TIM_ConfigClockSource
                0x000000000800271a      0x18e ./Drivers/STM32L1xx_HAL_Driver/Src/stm32l1xx_hal_tim.o
                0x000000000800271a                HAL_TIM_ConfigClockSource
 .text.TIM_Base_SetConfig
                0x00000000080028a8       0xe0 ./Drivers/STM32L1xx_HAL_Driver/Src/stm32l1xx_hal_tim.o
 .text.TIM_TI1_ConfigInputStage
                0x0000000008002988       0x5c ./Drivers/STM32L1xx_HAL_Driver/Src/stm32l1xx_hal_tim.o
 .text.TIM_TI2_ConfigInputStage
                0x00000000080029e4       0x5e ./Drivers/STM32L1xx_HAL_Driver/Src/stm32l1xx_hal_tim.o
 .text.TIM_ITRx_SetConfig
                0x0000000008002a42       0x34 ./Drivers/STM32L1xx_HAL_Driver/Src/stm32l1xx_hal_tim.o
 .text.TIM_ETR_SetConfig
                0x0000000008002a76       0x3e ./Drivers/STM32L1xx_HAL_Driver/Src/stm32l1xx_hal_tim.o
 .text.HAL_TIMEx_MasterConfigSynchronization
                0x0000000008002ab4       0xbc ./Drivers/STM32L1xx_HAL_Driver/Src/stm32l1xx_hal_tim_ex.o
                0x0000000008002ab4                HAL_TIMEx_MasterConfigSynchronization
 .text.memset   0x0000000008002b70       0x10 C:/ST/STM32CubeIDE_1.14.1/STM32CubeIDE/plugins/com.st.stm32cube.ide.mcu.externaltools.gnu-tools-for-stm32.11.3.rel1.win32_1.1.100.202309141235/tools/bin/../lib/gcc/arm-none-eabi/11.3.1/../../../../arm-none-eabi/lib/thumb/v7-m/nofp\libc_nano.a(libc_a-memset.o)
                0x0000000008002b70                memset
 .text.__libc_init_array
                0x0000000008002b80       0x48 C:/ST/STM32CubeIDE_1.14.1/STM32CubeIDE/plugins/com.st.stm32cube.ide.mcu.externaltools.gnu-tools-for-stm32.11.3.rel1.win32_1.1.100.202309141235/tools/bin/../lib/gcc/arm-none-eabi/11.3.1/../../../../arm-none-eabi/lib/thumb/v7-m/nofp\libc_nano.a(libc_a-init.o)
                0x0000000008002b80                __libc_init_array
 *(.glue_7)
 .glue_7        0x0000000008002bc8        0x0 linker stubs
 *(.glue_7t)
 .glue_7t       0x0000000008002bc8        0x0 linker stubs
 *(.eh_frame)
 .eh_frame      0x0000000008002bc8        0x0 C:/ST/STM32CubeIDE_1.14.1/STM32CubeIDE/plugins/com.st.stm32cube.ide.mcu.externaltools.gnu-tools-for-stm32.11.3.rel1.win32_1.1.100.202309141235/tools/bin/../lib/gcc/arm-none-eabi/11.3.1/thumb/v7-m/nofp/crtbegin.o
 *(.init)
 .init          0x0000000008002bc8        0x4 C:/ST/STM32CubeIDE_1.14.1/STM32CubeIDE/plugins/com.st.stm32cube.ide.mcu.externaltools.gnu-tools-for-stm32.11.3.rel1.win32_1.1.100.202309141235/tools/bin/../lib/gcc/arm-none-eabi/11.3.1/thumb/v7-m/nofp/crti.o
                0x0000000008002bc8                _init
 .init          0x0000000008002bcc        0x8 C:/ST/STM32CubeIDE_1.14.1/STM32CubeIDE/plugins/com.st.stm32cube.ide.mcu.externaltools.gnu-tools-for-stm32.11.3.rel1.win32_1.1.100.202309141235/tools/bin/../lib/gcc/arm-none-eabi/11.3.1/thumb/v7-m/nofp/crtn.o
 *(.fini)
 .fini          0x0000000008002bd4        0x4 C:/ST/STM32CubeIDE_1.14.1/STM32CubeIDE/plugins/com.st.stm32cube.ide.mcu.externaltools.gnu-tools-for-stm32.11.3.rel1.win32_1.1.100.202309141235/tools/bin/../lib/gcc/arm-none-eabi/11.3.1/thumb/v7-m/nofp/crti.o
                0x0000000008002bd4                _fini
 .fini          0x0000000008002bd8        0x8 C:/ST/STM32CubeIDE_1.14.1/STM32CubeIDE/plugins/com.st.stm32cube.ide.mcu.externaltools.gnu-tools-for-stm32.11.3.rel1.win32_1.1.100.202309141235/tools/bin/../lib/gcc/arm-none-eabi/11.3.1/thumb/v7-m/nofp/crtn.o
                0x0000000008002be0                . = ALIGN (0x4)
                0x0000000008002be0                _etext = .

.vfp11_veneer   0x0000000008002be0        0x0
 .vfp11_veneer  0x0000000008002be0        0x0 linker stubs

.v4_bx          0x0000000008002be0        0x0
 .v4_bx         0x0000000008002be0        0x0 linker stubs

.iplt           0x0000000008002be0        0x0
 .iplt          0x0000000008002be0        0x0 C:/ST/STM32CubeIDE_1.14.1/STM32CubeIDE/plugins/com.st.stm32cube.ide.mcu.externaltools.gnu-tools-for-stm32.11.3.rel1.win32_1.1.100.202309141235/tools/bin/../lib/gcc/arm-none-eabi/11.3.1/thumb/v7-m/nofp/crtbegin.o

.rodata         0x0000000008002be0       0x1c
                0x0000000008002be0                . = ALIGN (0x4)
 *(.rodata)
 *(.rodata*)
 .rodata.PLLMulTable
                0x0000000008002be0        0x9 ./Core/Src/system_stm32l1xx.o
                0x0000000008002be0                PLLMulTable
 *fill*         0x0000000008002be9        0x3 
 .rodata.AHBPrescTable
                0x0000000008002bec       0x10 ./Core/Src/system_stm32l1xx.o
                0x0000000008002bec                AHBPrescTable
                0x0000000008002bfc                . = ALIGN (0x4)

.ARM.extab      0x0000000008002bfc        0x0
                0x0000000008002bfc                . = ALIGN (0x4)
 *(.ARM.extab* .gnu.linkonce.armextab.*)
                0x0000000008002bfc                . = ALIGN (0x4)

.ARM            0x0000000008002bfc        0x8
                0x0000000008002bfc                . = ALIGN (0x4)
                0x0000000008002bfc                __exidx_start = .
 *(.ARM.exidx*)
 .ARM.exidx     0x0000000008002bfc        0x8 C:/ST/STM32CubeIDE_1.14.1/STM32CubeIDE/plugins/com.st.stm32cube.ide.mcu.externaltools.gnu-tools-for-stm32.11.3.rel1.win32_1.1.100.202309141235/tools/bin/../lib/gcc/arm-none-eabi/11.3.1/thumb/v7-m/nofp\libgcc.a(_udivmoddi4.o)
                0x0000000008002c04                __exidx_end = .
                0x0000000008002c04                . = ALIGN (0x4)

.rel.dyn        0x0000000008002c04        0x0
 .rel.iplt      0x0000000008002c04        0x0 C:/ST/STM32CubeIDE_1.14.1/STM32CubeIDE/plugins/com.st.stm32cube.ide.mcu.externaltools.gnu-tools-for-stm32.11.3.rel1.win32_1.1.100.202309141235/tools/bin/../lib/gcc/arm-none-eabi/11.3.1/thumb/v7-m/nofp/crtbegin.o

.preinit_array  0x0000000008002c04        0x0
                0x0000000008002c04                . = ALIGN (0x4)
                0x0000000008002c04                PROVIDE (__preinit_array_start = .)
 *(.preinit_array*)
                0x0000000008002c04                PROVIDE (__preinit_array_end = .)
                0x0000000008002c04                . = ALIGN (0x4)

.init_array     0x0000000008002c04        0x4
                0x0000000008002c04                . = ALIGN (0x4)
                0x0000000008002c04                PROVIDE (__init_array_start = .)
 *(SORT_BY_NAME(.init_array.*))
 *(.init_array*)
 .init_array    0x0000000008002c04        0x4 C:/ST/STM32CubeIDE_1.14.1/STM32CubeIDE/plugins/com.st.stm32cube.ide.mcu.externaltools.gnu-tools-for-stm32.11.3.rel1.win32_1.1.100.202309141235/tools/bin/../lib/gcc/arm-none-eabi/11.3.1/thumb/v7-m/nofp/crtbegin.o
                0x0000000008002c08                PROVIDE (__init_array_end = .)
                0x0000000008002c08                . = ALIGN (0x4)

.fini_array     0x0000000008002c08        0x4
                0x0000000008002c08                . = ALIGN (0x4)
                [!provide]                        PROVIDE (__fini_array_start = .)
 *(SORT_BY_NAME(.fini_array.*))
 *(.fini_array*)
 .fini_array    0x0000000008002c08        0x4 C:/ST/STM32CubeIDE_1.14.1/STM32CubeIDE/plugins/com.st.stm32cube.ide.mcu.externaltools.gnu-tools-for-stm32.11.3.rel1.win32_1.1.100.202309141235/tools/bin/../lib/gcc/arm-none-eabi/11.3.1/thumb/v7-m/nofp/crtbegin.o
                [!provide]                        PROVIDE (__fini_array_end = .)
                0x0000000008002c0c                . = ALIGN (0x4)
                0x0000000008002c0c                _sidata = LOADADDR (.data)

.data           0x0000000020000000       0x14 load address 0x0000000008002c0c
                0x0000000020000000                . = ALIGN (0x4)
                0x0000000020000000                _sdata = .
 *(.data)
 *(.data*)
 .data.estado   0x0000000020000000        0x2 ./Core/Src/main.o
                0x0000000020000000                estado
 .data.buzzer   0x0000000020000002        0x2 ./Core/Src/main.o
                0x0000000020000002                buzzer
 .data.DC       0x0000000020000004        0x2 ./Core/Src/main.o
                0x0000000020000004                DC
 *fill*         0x0000000020000006        0x2 
 .data.SystemCoreClock
                0x0000000020000008        0x4 ./Core/Src/system_stm32l1xx.o
                0x0000000020000008                SystemCoreClock
 .data.uwTickPrio
                0x000000002000000c        0x4 ./Drivers/STM32L1xx_HAL_Driver/Src/stm32l1xx_hal.o
                0x000000002000000c                uwTickPrio
 .data.uwTickFreq
                0x0000000020000010        0x4 ./Drivers/STM32L1xx_HAL_Driver/Src/stm32l1xx_hal.o
                0x0000000020000010                uwTickFreq
 *(.RamFunc)
 *(.RamFunc*)
                0x0000000020000014                . = ALIGN (0x4)
                0x0000000020000014                _edata = .

.igot.plt       0x0000000020000014        0x0 load address 0x0000000008002c20
 .igot.plt      0x0000000020000014        0x0 C:/ST/STM32CubeIDE_1.14.1/STM32CubeIDE/plugins/com.st.stm32cube.ide.mcu.externaltools.gnu-tools-for-stm32.11.3.rel1.win32_1.1.100.202309141235/tools/bin/../lib/gcc/arm-none-eabi/11.3.1/thumb/v7-m/nofp/crtbegin.o
                0x0000000020000014                . = ALIGN (0x4)

.bss            0x0000000020000014       0xfc load address 0x0000000008002c20
                0x0000000020000014                _sbss = .
                0x0000000020000014                __bss_start__ = _sbss
 *(.bss)
 .bss           0x0000000020000014       0x1c C:/ST/STM32CubeIDE_1.14.1/STM32CubeIDE/plugins/com.st.stm32cube.ide.mcu.externaltools.gnu-tools-for-stm32.11.3.rel1.win32_1.1.100.202309141235/tools/bin/../lib/gcc/arm-none-eabi/11.3.1/thumb/v7-m/nofp/crtbegin.o
 *(.bss*)
 .bss.hadc      0x0000000020000030       0x54 ./Core/Src/main.o
                0x0000000020000030                hadc
 .bss.htim3     0x0000000020000084       0x40 ./Core/Src/main.o
                0x0000000020000084                htim3
 .bss.htim4     0x00000000200000c4       0x40 ./Core/Src/main.o
                0x00000000200000c4                htim4
 .bss.button_pressed
                0x0000000020000104        0x2 ./Core/Src/main.o
                0x0000000020000104                button_pressed
 .bss.pin2_state
                0x0000000020000106        0x2 ./Core/Src/main.o
                0x0000000020000106                pin2_state
 .bss.pin1_state
                0x0000000020000108        0x2 ./Core/Src/main.o
                0x0000000020000108                pin1_state
 *fill*         0x000000002000010a        0x2 
 .bss.uwTick    0x000000002000010c        0x4 ./Drivers/STM32L1xx_HAL_Driver/Src/stm32l1xx_hal.o
                0x000000002000010c                uwTick
 *(COMMON)
                0x0000000020000110                . = ALIGN (0x4)
                0x0000000020000110                _ebss = .
                0x0000000020000110                __bss_end__ = _ebss

._user_heap_stack
                0x0000000020000110      0x600 load address 0x0000000008002c20
                0x0000000020000110                . = ALIGN (0x8)
                [!provide]                        PROVIDE (end = .)
                0x0000000020000110                PROVIDE (_end = .)
                0x0000000020000310                . = (. + _Min_Heap_Size)
 *fill*         0x0000000020000110      0x200 
                0x0000000020000710                . = (. + _Min_Stack_Size)
 *fill*         0x0000000020000310      0x400 
                0x0000000020000710                . = ALIGN (0x8)

/DISCARD/
 libc.a(*)
 libm.a(*)
 libgcc.a(*)

.ARM.attributes
                0x0000000000000000       0x29
 *(.ARM.attributes)
 .ARM.attributes
                0x0000000000000000       0x1d C:/ST/STM32CubeIDE_1.14.1/STM32CubeIDE/plugins/com.st.stm32cube.ide.mcu.externaltools.gnu-tools-for-stm32.11.3.rel1.win32_1.1.100.202309141235/tools/bin/../lib/gcc/arm-none-eabi/11.3.1/thumb/v7-m/nofp/crti.o
 .ARM.attributes
                0x000000000000001d       0x2d C:/ST/STM32CubeIDE_1.14.1/STM32CubeIDE/plugins/com.st.stm32cube.ide.mcu.externaltools.gnu-tools-for-stm32.11.3.rel1.win32_1.1.100.202309141235/tools/bin/../lib/gcc/arm-none-eabi/11.3.1/thumb/v7-m/nofp/crtbegin.o
 .ARM.attributes
                0x000000000000004a       0x2d ./Core/Src/main.o
 .ARM.attributes
                0x0000000000000077       0x2d ./Core/Src/stm32l1xx_hal_msp.o
 .ARM.attributes
                0x00000000000000a4       0x2d ./Core/Src/stm32l1xx_it.o
 .ARM.attributes
                0x00000000000000d1       0x2d ./Core/Src/system_stm32l1xx.o
 .ARM.attributes
                0x00000000000000fe       0x21 ./Core/Startup/startup_stm32l152rctx.o
 .ARM.attributes
                0x000000000000011f       0x2d ./Drivers/STM32L1xx_HAL_Driver/Src/stm32l1xx_hal.o
 .ARM.attributes
                0x000000000000014c       0x2d ./Drivers/STM32L1xx_HAL_Driver/Src/stm32l1xx_hal_adc.o
 .ARM.attributes
                0x0000000000000179       0x2d ./Drivers/STM32L1xx_HAL_Driver/Src/stm32l1xx_hal_cortex.o
 .ARM.attributes
                0x00000000000001a6       0x2d ./Drivers/STM32L1xx_HAL_Driver/Src/stm32l1xx_hal_gpio.o
 .ARM.attributes
                0x00000000000001d3       0x2d ./Drivers/STM32L1xx_HAL_Driver/Src/stm32l1xx_hal_rcc.o
 .ARM.attributes
                0x0000000000000200       0x2d ./Drivers/STM32L1xx_HAL_Driver/Src/stm32l1xx_hal_tim.o
 .ARM.attributes
                0x000000000000022d       0x2d ./Drivers/STM32L1xx_HAL_Driver/Src/stm32l1xx_hal_tim_ex.o
 .ARM.attributes
                0x000000000000025a       0x2d C:/ST/STM32CubeIDE_1.14.1/STM32CubeIDE/plugins/com.st.stm32cube.ide.mcu.externaltools.gnu-tools-for-stm32.11.3.rel1.win32_1.1.100.202309141235/tools/bin/../lib/gcc/arm-none-eabi/11.3.1/../../../../arm-none-eabi/lib/thumb/v7-m/nofp\libc_nano.a(libc_a-memset.o)
 .ARM.attributes
                0x0000000000000287       0x2d C:/ST/STM32CubeIDE_1.14.1/STM32CubeIDE/plugins/com.st.stm32cube.ide.mcu.externaltools.gnu-tools-for-stm32.11.3.rel1.win32_1.1.100.202309141235/tools/bin/../lib/gcc/arm-none-eabi/11.3.1/../../../../arm-none-eabi/lib/thumb/v7-m/nofp\libc_nano.a(libc_a-init.o)
 .ARM.attributes
                0x00000000000002b4       0x1d C:/ST/STM32CubeIDE_1.14.1/STM32CubeIDE/plugins/com.st.stm32cube.ide.mcu.externaltools.gnu-tools-for-stm32.11.3.rel1.win32_1.1.100.202309141235/tools/bin/../lib/gcc/arm-none-eabi/11.3.1/thumb/v7-m/nofp\libgcc.a(_aeabi_uldivmod.o)
 .ARM.attributes
                0x00000000000002d1       0x2d C:/ST/STM32CubeIDE_1.14.1/STM32CubeIDE/plugins/com.st.stm32cube.ide.mcu.externaltools.gnu-tools-for-stm32.11.3.rel1.win32_1.1.100.202309141235/tools/bin/../lib/gcc/arm-none-eabi/11.3.1/thumb/v7-m/nofp\libgcc.a(_udivmoddi4.o)
 .ARM.attributes
                0x00000000000002fe       0x1d C:/ST/STM32CubeIDE_1.14.1/STM32CubeIDE/plugins/com.st.stm32cube.ide.mcu.externaltools.gnu-tools-for-stm32.11.3.rel1.win32_1.1.100.202309141235/tools/bin/../lib/gcc/arm-none-eabi/11.3.1/thumb/v7-m/nofp\libgcc.a(_dvmd_tls.o)
 .ARM.attributes
                0x000000000000031b       0x1d C:/ST/STM32CubeIDE_1.14.1/STM32CubeIDE/plugins/com.st.stm32cube.ide.mcu.externaltools.gnu-tools-for-stm32.11.3.rel1.win32_1.1.100.202309141235/tools/bin/../lib/gcc/arm-none-eabi/11.3.1/thumb/v7-m/nofp/crtn.o
OUTPUT(LAB3_part2.elf elf32-littlearm)
LOAD linker stubs
LOAD C:/ST/STM32CubeIDE_1.14.1/STM32CubeIDE/plugins/com.st.stm32cube.ide.mcu.externaltools.gnu-tools-for-stm32.11.3.rel1.win32_1.1.100.202309141235/tools/bin/../lib/gcc/arm-none-eabi/11.3.1/../../../../arm-none-eabi/lib/thumb/v7-m/nofp\libc.a
LOAD C:/ST/STM32CubeIDE_1.14.1/STM32CubeIDE/plugins/com.st.stm32cube.ide.mcu.externaltools.gnu-tools-for-stm32.11.3.rel1.win32_1.1.100.202309141235/tools/bin/../lib/gcc/arm-none-eabi/11.3.1/../../../../arm-none-eabi/lib/thumb/v7-m/nofp\libm.a
LOAD C:/ST/STM32CubeIDE_1.14.1/STM32CubeIDE/plugins/com.st.stm32cube.ide.mcu.externaltools.gnu-tools-for-stm32.11.3.rel1.win32_1.1.100.202309141235/tools/bin/../lib/gcc/arm-none-eabi/11.3.1/thumb/v7-m/nofp\libgcc.a

.comment        0x0000000000000000       0x43
 .comment       0x0000000000000000       0x43 C:/ST/STM32CubeIDE_1.14.1/STM32CubeIDE/plugins/com.st.stm32cube.ide.mcu.externaltools.gnu-tools-for-stm32.11.3.rel1.win32_1.1.100.202309141235/tools/bin/../lib/gcc/arm-none-eabi/11.3.1/thumb/v7-m/nofp/crtbegin.o
                                         0x44 (size before relaxing)
 .comment       0x0000000000000043       0x44 ./Core/Src/main.o
 .comment       0x0000000000000043       0x44 ./Core/Src/stm32l1xx_hal_msp.o
 .comment       0x0000000000000043       0x44 ./Core/Src/stm32l1xx_it.o
 .comment       0x0000000000000043       0x44 ./Core/Src/system_stm32l1xx.o
 .comment       0x0000000000000043       0x44 ./Drivers/STM32L1xx_HAL_Driver/Src/stm32l1xx_hal.o
 .comment       0x0000000000000043       0x44 ./Drivers/STM32L1xx_HAL_Driver/Src/stm32l1xx_hal_adc.o
 .comment       0x0000000000000043       0x44 ./Drivers/STM32L1xx_HAL_Driver/Src/stm32l1xx_hal_cortex.o
 .comment       0x0000000000000043       0x44 ./Drivers/STM32L1xx_HAL_Driver/Src/stm32l1xx_hal_gpio.o
 .comment       0x0000000000000043       0x44 ./Drivers/STM32L1xx_HAL_Driver/Src/stm32l1xx_hal_rcc.o
 .comment       0x0000000000000043       0x44 ./Drivers/STM32L1xx_HAL_Driver/Src/stm32l1xx_hal_tim.o
 .comment       0x0000000000000043       0x44 ./Drivers/STM32L1xx_HAL_Driver/Src/stm32l1xx_hal_tim_ex.o

.debug_info     0x0000000000000000     0x825a
 .debug_info    0x0000000000000000     0x12ef ./Core/Src/main.o
 .debug_info    0x00000000000012ef      0xc57 ./Core/Src/stm32l1xx_hal_msp.o
 .debug_info    0x0000000000001f46      0x113 ./Core/Src/stm32l1xx_it.o
 .debug_info    0x0000000000002059      0x27c ./Core/Src/system_stm32l1xx.o
 .debug_info    0x00000000000022d5       0x23 ./Core/Startup/startup_stm32l152rctx.o
 .debug_info    0x00000000000022f8      0x6e3 ./Drivers/STM32L1xx_HAL_Driver/Src/stm32l1xx_hal.o
 .debug_info    0x00000000000029db      0xe77 ./Drivers/STM32L1xx_HAL_Driver/Src/stm32l1xx_hal_adc.o
 .debug_info    0x0000000000003852      0xca4 ./Drivers/STM32L1xx_HAL_Driver/Src/stm32l1xx_hal_cortex.o
 .debug_info    0x00000000000044f6      0x5a6 ./Drivers/STM32L1xx_HAL_Driver/Src/stm32l1xx_hal_gpio.o
 .debug_info    0x0000000000004a9c      0x967 ./Drivers/STM32L1xx_HAL_Driver/Src/stm32l1xx_hal_rcc.o
 .debug_info    0x0000000000005403     0x27af ./Drivers/STM32L1xx_HAL_Driver/Src/stm32l1xx_hal_tim.o
 .debug_info    0x0000000000007bb2      0x6a8 ./Drivers/STM32L1xx_HAL_Driver/Src/stm32l1xx_hal_tim_ex.o

.debug_abbrev   0x0000000000000000     0x171a
 .debug_abbrev  0x0000000000000000      0x321 ./Core/Src/main.o
 .debug_abbrev  0x0000000000000321      0x1b2 ./Core/Src/stm32l1xx_hal_msp.o
 .debug_abbrev  0x00000000000004d3       0x73 ./Core/Src/stm32l1xx_it.o
 .debug_abbrev  0x0000000000000546      0x11c ./Core/Src/system_stm32l1xx.o
 .debug_abbrev  0x0000000000000662       0x12 ./Core/Startup/startup_stm32l152rctx.o
 .debug_abbrev  0x0000000000000674      0x275 ./Drivers/STM32L1xx_HAL_Driver/Src/stm32l1xx_hal.o
 .debug_abbrev  0x00000000000008e9      0x296 ./Drivers/STM32L1xx_HAL_Driver/Src/stm32l1xx_hal_adc.o
 .debug_abbrev  0x0000000000000b7f      0x327 ./Drivers/STM32L1xx_HAL_Driver/Src/stm32l1xx_hal_cortex.o
 .debug_abbrev  0x0000000000000ea6      0x1d4 ./Drivers/STM32L1xx_HAL_Driver/Src/stm32l1xx_hal_gpio.o
 .debug_abbrev  0x000000000000107a      0x2b8 ./Drivers/STM32L1xx_HAL_Driver/Src/stm32l1xx_hal_rcc.o
 .debug_abbrev  0x0000000000001332      0x26f ./Drivers/STM32L1xx_HAL_Driver/Src/stm32l1xx_hal_tim.o
 .debug_abbrev  0x00000000000015a1      0x179 ./Drivers/STM32L1xx_HAL_Driver/Src/stm32l1xx_hal_tim_ex.o

.debug_aranges  0x0000000000000000      0x958
 .debug_aranges
                0x0000000000000000       0xa0 ./Core/Src/main.o
 .debug_aranges
                0x00000000000000a0       0x40 ./Core/Src/stm32l1xx_hal_msp.o
 .debug_aranges
                0x00000000000000e0       0x60 ./Core/Src/stm32l1xx_it.o
 .debug_aranges
                0x0000000000000140       0x28 ./Core/Src/system_stm32l1xx.o
 .debug_aranges
                0x0000000000000168       0x28 ./Core/Startup/startup_stm32l152rctx.o
 .debug_aranges
                0x0000000000000190       0xe0 ./Drivers/STM32L1xx_HAL_Driver/Src/stm32l1xx_hal.o
 .debug_aranges
                0x0000000000000270       0xf0 ./Drivers/STM32L1xx_HAL_Driver/Src/stm32l1xx_hal_adc.o
 .debug_aranges
                0x0000000000000360      0x118 ./Drivers/STM32L1xx_HAL_Driver/Src/stm32l1xx_hal_cortex.o
 .debug_aranges
                0x0000000000000478       0x58 ./Drivers/STM32L1xx_HAL_Driver/Src/stm32l1xx_hal_gpio.o
 .debug_aranges
                0x00000000000004d0       0x90 ./Drivers/STM32L1xx_HAL_Driver/Src/stm32l1xx_hal_rcc.o
 .debug_aranges
                0x0000000000000560      0x3d0 ./Drivers/STM32L1xx_HAL_Driver/Src/stm32l1xx_hal_tim.o
 .debug_aranges
                0x0000000000000930       0x28 ./Drivers/STM32L1xx_HAL_Driver/Src/stm32l1xx_hal_tim_ex.o

.debug_rnglists
                0x0000000000000000      0x71a
 .debug_rnglists
                0x0000000000000000       0x7c ./Core/Src/main.o
 .debug_rnglists
                0x000000000000007c       0x2d ./Core/Src/stm32l1xx_hal_msp.o
 .debug_rnglists
                0x00000000000000a9       0x43 ./Core/Src/stm32l1xx_it.o
 .debug_rnglists
                0x00000000000000ec       0x1a ./Core/Src/system_stm32l1xx.o
 .debug_rnglists
                0x0000000000000106       0x19 ./Core/Startup/startup_stm32l152rctx.o
 .debug_rnglists
                0x000000000000011f       0xa3 ./Drivers/STM32L1xx_HAL_Driver/Src/stm32l1xx_hal.o
 .debug_rnglists
                0x00000000000001c2       0xbd ./Drivers/STM32L1xx_HAL_Driver/Src/stm32l1xx_hal_adc.o
 .debug_rnglists
                0x000000000000027f       0xce ./Drivers/STM32L1xx_HAL_Driver/Src/stm32l1xx_hal_cortex.o
 .debug_rnglists
                0x000000000000034d       0x3f ./Drivers/STM32L1xx_HAL_Driver/Src/stm32l1xx_hal_gpio.o
 .debug_rnglists
                0x000000000000038c       0x6d ./Drivers/STM32L1xx_HAL_Driver/Src/stm32l1xx_hal_rcc.o
 .debug_rnglists
                0x00000000000003f9      0x307 ./Drivers/STM32L1xx_HAL_Driver/Src/stm32l1xx_hal_tim.o
 .debug_rnglists
                0x0000000000000700       0x1a ./Drivers/STM32L1xx_HAL_Driver/Src/stm32l1xx_hal_tim_ex.o

.debug_macro    0x0000000000000000    0x15417
 .debug_macro   0x0000000000000000      0x1c8 ./Core/Src/main.o
 .debug_macro   0x00000000000001c8      0xa9c ./Core/Src/main.o
 .debug_macro   0x0000000000000c64      0x10f ./Core/Src/main.o
 .debug_macro   0x0000000000000d73       0x2e ./Core/Src/main.o
 .debug_macro   0x0000000000000da1       0x22 ./Core/Src/main.o
 .debug_macro   0x0000000000000dc3       0x22 ./Core/Src/main.o
 .debug_macro   0x0000000000000de5       0x8e ./Core/Src/main.o
 .debug_macro   0x0000000000000e73       0x51 ./Core/Src/main.o
 .debug_macro   0x0000000000000ec4      0x103 ./Core/Src/main.o
 .debug_macro   0x0000000000000fc7       0x6a ./Core/Src/main.o
 .debug_macro   0x0000000000001031      0x1df ./Core/Src/main.o
 .debug_macro   0x0000000000001210       0x1c ./Core/Src/main.o
 .debug_macro   0x000000000000122c       0x22 ./Core/Src/main.o
 .debug_macro   0x000000000000124e       0xbd ./Core/Src/main.o
 .debug_macro   0x000000000000130b      0xe49 ./Core/Src/main.o
 .debug_macro   0x0000000000002154      0x11f ./Core/Src/main.o
 .debug_macro   0x0000000000002273     0xb1ce ./Core/Src/main.o
 .debug_macro   0x000000000000d441       0x6d ./Core/Src/main.o
 .debug_macro   0x000000000000d4ae     0x34cc ./Core/Src/main.o
 .debug_macro   0x000000000001097a      0x174 ./Core/Src/main.o
 .debug_macro   0x0000000000010aee       0x5b ./Core/Src/main.o
 .debug_macro   0x0000000000010b49      0xe37 ./Core/Src/main.o
 .debug_macro   0x0000000000011980      0x243 ./Core/Src/main.o
 .debug_macro   0x0000000000011bc3      0x1b8 ./Core/Src/main.o
 .debug_macro   0x0000000000011d7b       0xb9 ./Core/Src/main.o
 .debug_macro   0x0000000000011e34      0x21e ./Core/Src/main.o
 .debug_macro   0x0000000000012052      0x236 ./Core/Src/main.o
 .debug_macro   0x0000000000012288      0x64d ./Core/Src/main.o
 .debug_macro   0x00000000000128d5      0x16b ./Core/Src/main.o
 .debug_macro   0x0000000000012a40      0x11c ./Core/Src/main.o
 .debug_macro   0x0000000000012b5c      0x56e ./Core/Src/main.o
 .debug_macro   0x00000000000130ca      0x1e9 ./Core/Src/main.o
 .debug_macro   0x00000000000132b3       0x22 ./Core/Src/main.o
 .debug_macro   0x00000000000132d5      0x788 ./Core/Src/main.o
 .debug_macro   0x0000000000013a5d       0xac ./Core/Src/main.o
 .debug_macro   0x0000000000013b09      0x162 ./Core/Src/main.o
 .debug_macro   0x0000000000013c6b      0x3ff ./Core/Src/main.o
 .debug_macro   0x000000000001406a      0x1f0 ./Core/Src/main.o
 .debug_macro   0x000000000001425a      0x1c8 ./Core/Src/stm32l1xx_hal_msp.o
 .debug_macro   0x0000000000014422      0x1d2 ./Core/Src/stm32l1xx_it.o
 .debug_macro   0x00000000000145f4      0x1b9 ./Core/Src/system_stm32l1xx.o
 .debug_macro   0x00000000000147ad      0x1dd ./Drivers/STM32L1xx_HAL_Driver/Src/stm32l1xx_hal.o
 .debug_macro   0x000000000001498a      0x1d6 ./Drivers/STM32L1xx_HAL_Driver/Src/stm32l1xx_hal_adc.o
 .debug_macro   0x0000000000014b60      0x1b9 ./Drivers/STM32L1xx_HAL_Driver/Src/stm32l1xx_hal_cortex.o
 .debug_macro   0x0000000000014d19      0x1c0 ./Drivers/STM32L1xx_HAL_Driver/Src/stm32l1xx_hal_gpio.o
 .debug_macro   0x0000000000014ed9      0x1cb ./Drivers/STM32L1xx_HAL_Driver/Src/stm32l1xx_hal_rcc.o
 .debug_macro   0x00000000000150a4      0x1ba ./Drivers/STM32L1xx_HAL_Driver/Src/stm32l1xx_hal_tim.o
 .debug_macro   0x000000000001525e      0x1b9 ./Drivers/STM32L1xx_HAL_Driver/Src/stm32l1xx_hal_tim_ex.o

.debug_line     0x0000000000000000     0x9d9d
 .debug_line    0x0000000000000000      0xc8a ./Core/Src/main.o
 .debug_line    0x0000000000000c8a      0x804 ./Core/Src/stm32l1xx_hal_msp.o
 .debug_line    0x000000000000148e      0x810 ./Core/Src/stm32l1xx_it.o
 .debug_line    0x0000000000001c9e      0x7ee ./Core/Src/system_stm32l1xx.o
 .debug_line    0x000000000000248c       0x79 ./Core/Startup/startup_stm32l152rctx.o
 .debug_line    0x0000000000002505      0xa11 ./Drivers/STM32L1xx_HAL_Driver/Src/stm32l1xx_hal.o
 .debug_line    0x0000000000002f16     0x1003 ./Drivers/STM32L1xx_HAL_Driver/Src/stm32l1xx_hal_adc.o
 .debug_line    0x0000000000003f19      0xcde ./Drivers/STM32L1xx_HAL_Driver/Src/stm32l1xx_hal_cortex.o
 .debug_line    0x0000000000004bf7      0xa61 ./Drivers/STM32L1xx_HAL_Driver/Src/stm32l1xx_hal_gpio.o
 .debug_line    0x0000000000005658      0xf19 ./Drivers/STM32L1xx_HAL_Driver/Src/stm32l1xx_hal_rcc.o
 .debug_line    0x0000000000006571     0x300c ./Drivers/STM32L1xx_HAL_Driver/Src/stm32l1xx_hal_tim.o
 .debug_line    0x000000000000957d      0x820 ./Drivers/STM32L1xx_HAL_Driver/Src/stm32l1xx_hal_tim_ex.o

.debug_str      0x0000000000000000    0x89435
 .debug_str     0x0000000000000000    0x87351 ./Core/Src/main.o
                                      0x876b1 (size before relaxing)
 .debug_str     0x0000000000087351       0xb1 ./Core/Src/stm32l1xx_hal_msp.o
                                      0x8727a (size before relaxing)
 .debug_str     0x0000000000087402       0xc9 ./Core/Src/stm32l1xx_it.o
                                      0x86aed (size before relaxing)
 .debug_str     0x00000000000874cb       0x99 ./Core/Src/system_stm32l1xx.o
                                      0x86418 (size before relaxing)
 .debug_str     0x0000000000087564       0x34 ./Core/Startup/startup_stm32l152rctx.o
                                         0x6a (size before relaxing)
 .debug_str     0x0000000000087598      0x664 ./Drivers/STM32L1xx_HAL_Driver/Src/stm32l1xx_hal.o
                                      0x86b27 (size before relaxing)
 .debug_str     0x0000000000087bfc      0x365 ./Drivers/STM32L1xx_HAL_Driver/Src/stm32l1xx_hal_adc.o
                                      0x86baa (size before relaxing)
 .debug_str     0x0000000000087f61      0x375 ./Drivers/STM32L1xx_HAL_Driver/Src/stm32l1xx_hal_cortex.o
                                      0x86c01 (size before relaxing)
 .debug_str     0x00000000000882d6       0xe1 ./Drivers/STM32L1xx_HAL_Driver/Src/stm32l1xx_hal_gpio.o
                                      0x865ab (size before relaxing)
 .debug_str     0x00000000000883b7      0x275 ./Drivers/STM32L1xx_HAL_Driver/Src/stm32l1xx_hal_rcc.o
                                      0x868c8 (size before relaxing)
 .debug_str     0x000000000008862c      0xdb2 ./Drivers/STM32L1xx_HAL_Driver/Src/stm32l1xx_hal_tim.o
                                      0x8770b (size before relaxing)
 .debug_str     0x00000000000893de       0x57 ./Drivers/STM32L1xx_HAL_Driver/Src/stm32l1xx_hal_tim_ex.o
                                      0x868c0 (size before relaxing)

.debug_frame    0x0000000000000000     0x265c
 .debug_frame   0x0000000000000000      0x22c ./Core/Src/main.o
 .debug_frame   0x000000000000022c       0xc4 ./Core/Src/stm32l1xx_hal_msp.o
 .debug_frame   0x00000000000002f0      0x104 ./Core/Src/stm32l1xx_it.o
 .debug_frame   0x00000000000003f4       0x58 ./Core/Src/system_stm32l1xx.o
 .debug_frame   0x000000000000044c      0x33c ./Drivers/STM32L1xx_HAL_Driver/Src/stm32l1xx_hal.o
 .debug_frame   0x0000000000000788      0x40c ./Drivers/STM32L1xx_HAL_Driver/Src/stm32l1xx_hal_adc.o
 .debug_frame   0x0000000000000b94      0x498 ./Drivers/STM32L1xx_HAL_Driver/Src/stm32l1xx_hal_cortex.o
 .debug_frame   0x000000000000102c      0x14c ./Drivers/STM32L1xx_HAL_Driver/Src/stm32l1xx_hal_gpio.o
 .debug_frame   0x0000000000001178      0x224 ./Drivers/STM32L1xx_HAL_Driver/Src/stm32l1xx_hal_rcc.o
 .debug_frame   0x000000000000139c     0x11b4 ./Drivers/STM32L1xx_HAL_Driver/Src/stm32l1xx_hal_tim.o
 .debug_frame   0x0000000000002550       0x60 ./Drivers/STM32L1xx_HAL_Driver/Src/stm32l1xx_hal_tim_ex.o
 .debug_frame   0x00000000000025b0       0x20 C:/ST/STM32CubeIDE_1.14.1/STM32CubeIDE/plugins/com.st.stm32cube.ide.mcu.externaltools.gnu-tools-for-stm32.11.3.rel1.win32_1.1.100.202309141235/tools/bin/../lib/gcc/arm-none-eabi/11.3.1/../../../../arm-none-eabi/lib/thumb/v7-m/nofp\libc_nano.a(libc_a-memset.o)
 .debug_frame   0x00000000000025d0       0x2c C:/ST/STM32CubeIDE_1.14.1/STM32CubeIDE/plugins/com.st.stm32cube.ide.mcu.externaltools.gnu-tools-for-stm32.11.3.rel1.win32_1.1.100.202309141235/tools/bin/../lib/gcc/arm-none-eabi/11.3.1/../../../../arm-none-eabi/lib/thumb/v7-m/nofp\libc_nano.a(libc_a-init.o)
 .debug_frame   0x00000000000025fc       0x2c C:/ST/STM32CubeIDE_1.14.1/STM32CubeIDE/plugins/com.st.stm32cube.ide.mcu.externaltools.gnu-tools-for-stm32.11.3.rel1.win32_1.1.100.202309141235/tools/bin/../lib/gcc/arm-none-eabi/11.3.1/thumb/v7-m/nofp\libgcc.a(_aeabi_uldivmod.o)
 .debug_frame   0x0000000000002628       0x34 C:/ST/STM32CubeIDE_1.14.1/STM32CubeIDE/plugins/com.st.stm32cube.ide.mcu.externaltools.gnu-tools-for-stm32.11.3.rel1.win32_1.1.100.202309141235/tools/bin/../lib/gcc/arm-none-eabi/11.3.1/thumb/v7-m/nofp\libgcc.a(_udivmoddi4.o)

.debug_line_str
                0x0000000000000000       0x5e
 .debug_line_str
                0x0000000000000000       0x5e ./Core/Startup/startup_stm32l152rctx.o
                                         0x76 (size before relaxing)
